Error: Answered with error to command 0xc4: Route replacement failed for vehicle 'f_Huanghe_WE.22' (Vehicle is on junction-internal edge leading elsewhere).
Error: Answered with error to command 0xc4: Route replacement failed for vehicle 'f_Huanghe_WE.25' (Vehicle is on junction-internal edge leading elsewhere).
Error: Answered with error to command 0xc4: Route replacement failed for vehicle 'f_Huanghe_WE.28' (Vehicle is on junction-internal edge leading elsewhere).
Error: Answered with error to command 0xc4: Route replacement failed for vehicle 'f_Huanghe_WE.31' (Vehicle is on junction-internal edge leading elsewhere).
Error: Answered with error to command 0xc4: Route replacement failed for vehicle 'f_Huanghe_WE.34' (Vehicle is on junction-internal edge leading elsewhere).
Error: Answered with error to command 0xc4: Route replacement failed for vehicle 'f_Huanghe_WE.37' (Vehicle is on junction-internal edge leading elsewhere).
Error: Answered with error to command 0xc4: Route replacement failed for vehicle 'f_Huanghe_WE.40' (Vehicle is on junction-internal edge leading elsewhere).
Error: Answered with error to command 0xc4: Route replacement failed for vehicle 'f_Huanghe_WE.43' (Vehicle is on junction-internal edge leading elsewhere).
Error: Answered with error to command 0xc4: Route replacement failed for vehicle 'f_Huanghe_WE.46' (Vehicle is on junction-internal edge leading elsewhere).
Error: Answered with error to command 0xc4: Route replacement failed for vehicle 'f_Huanghe_WE.52' (Vehicle is on junction-internal edge leading elsewhere).
Error: Answered with error to command 0xc4: Route replacement failed for vehicle 'f_Huanghe_WE.58' (Vehicle is on junction-internal edge leading elsewhere).
Error: Answered with error to command 0xc4: Route replacement failed for vehicle 'f_Huanghe_WE.67' (Vehicle is on junction-internal edge leading elsewhere).
Error: Answered with error to command 0xc4: Route replacement failed for vehicle 'f_Huanghe_WE.61' (Vehicle is on junction-internal edge leading elsewhere).
Error: Answered with error to command 0xc4: Route replacement failed for vehicle 'f_Huanghe_WE.70' (Vehicle is on junction-internal edge leading elsewhere).
Error: Answered with error to command 0xc4: Route replacement failed for vehicle 'f_Huanghe_WE.73' (Vehicle is on junction-internal edge leading elsewhere).
Error: Answered with error to command 0xc4: Route replacement failed for vehicle 'f_Huanghe_WE.76' (Vehicle is on junction-internal edge leading elsewhere).
Error: Answered with error to command 0xc4: Route replacement failed for vehicle 'f_Huanghe_WE.79' (Vehicle is on junction-internal edge leading elsewhere).
Error: Answered with error to command 0xc4: Route replacement failed for vehicle 'f_Huanghe_WE.82' (Vehicle is on junction-internal edge leading elsewhere).
Error: Answered with error to command 0xc4: Route replacement failed for vehicle 'f_Hongz_WE.52' (Vehicle is on junction-internal edge leading elsewhere).
Error: Answered with error to command 0xc4: Route replacement failed for vehicle 'f_Nongye_WE.66' (Vehicle is on junction-internal edge leading elsewhere).
Error: Answered with error to command 0xc4: Route replacement failed for vehicle 'f_Hongz_WE.68' (Vehicle is on junction-internal edge leading elsewhere).
Error: Answered with error to command 0xc4: Route replacement failed for vehicle 'f_Nongye_EW.85' (Vehicle is on junction-internal edge leading elsewhere).
Error: Answered with error to command 0xc4: Route replacement failed for vehicle 'f_Hongz_WE.66' (Vehicle is on junction-internal edge leading elsewhere).
Error: Answered with error to command 0xc4: Route replacement failed for vehicle 'f_Huanghe_WE.121' (Vehicle is on junction-internal edge leading elsewhere).
Error: Answered with error to command 0xc4: Route replacement failed for vehicle 'f_Nongye_WE.59' (Vehicle is on junction-internal edge leading elsewhere).
Error: Answered with error to command 0xc4: Route replacement failed for vehicle 'f_Hongz_WE.68' (Vehicle is on junction-internal edge leading elsewhere).
Error: Answered with error to command 0xc4: Route replacement failed for vehicle 'f_Huanghe_WE.124' (Vehicle is on junction-internal edge leading elsewhere).
Error: Answered with error to command 0xc4: Route replacement failed for vehicle 'f_Huanghe_WE.127' (Vehicle is on junction-internal edge leading elsewhere).
Error: Answered with error to command 0xc4: Route replacement failed for vehicle 'f_Huanghe_WE.130' (Vehicle is on junction-internal edge leading elsewhere).
Error: Answered with error to command 0xc4: Route replacement failed for vehicle 'f_Huanghe_WE.133' (Vehicle is on junction-internal edge leading elsewhere).
Error: Answered with error to command 0xc4: Route replacement failed for vehicle 'f_Huanghe_WE.136' (Vehicle is on junction-internal edge leading elsewhere).
Error: Answered with error to command 0xc4: Route replacement failed for vehicle 'f_Huanghe_WE.139' (Vehicle is on junction-internal edge leading elsewhere).
Error: Answered with error to command 0xc4: Route replacement failed for vehicle 'f_Huanghe_WE.148' (Vehicle is on junction-internal edge leading elsewhere).
Error: Answered with error to command 0xc4: Route replacement failed for vehicle 'f_Hongz_WE.90' (Vehicle is on junction-internal edge leading elsewhere).
Error: Answered with error to command 0xc4: Route replacement failed for vehicle 'f_Huanghe_WE.151' (Vehicle is on junction-internal edge leading elsewhere).
Error: Answered with error to command 0xc4: Route replacement failed for vehicle 'f_Huanghe_WE.154' (Vehicle is on junction-internal edge leading elsewhere).
Error: Answered with error to command 0xc4: Route replacement failed for vehicle 'f_Huanghe_WE.157' (Vehicle is on junction-internal edge leading elsewhere).
Error: Answered with error to command 0xc4: Route replacement failed for vehicle 'f_Nongye_WE.33' (Vehicle is on junction-internal edge leading elsewhere).
Error: Answered with error to command 0xc4: Route replacement failed for vehicle 'f_Nongye_WE.81' (Vehicle is on junction-internal edge leading elsewhere).
Error: Answered with error to command 0xc4: Route replacement failed for vehicle 'f_Huanghe_WE.22' (Vehicle is on junction-internal edge leading elsewhere).
Error: Answered with error to command 0xc4: Route replacement failed for vehicle 'f_Huanghe_WE.25' (Vehicle is on junction-internal edge leading elsewhere).
Error: Answered with error to command 0xc4: Route replacement failed for vehicle 'f_Huanghe_WE.28' (Vehicle is on junction-internal edge leading elsewhere).
Error: Answered with error to command 0xc4: Route replacement failed for vehicle 'f_Huanghe_WE.31' (Vehicle is on junction-internal edge leading elsewhere).
Error: Answered with error to command 0xc4: Route replacement failed for vehicle 'f_Huanghe_WE.34' (Vehicle is on junction-internal edge leading elsewhere).
Error: Answered with error to command 0xc4: Route replacement failed for vehicle 'f_Huanghe_WE.37' (Vehicle is on junction-internal edge leading elsewhere).
Error: Answered with error to command 0xc4: Route replacement failed for vehicle 'f_Huanghe_WE.40' (Vehicle is on junction-internal edge leading elsewhere).
Error: Answered with error to command 0xc4: Route replacement failed for vehicle 'f_Huanghe_WE.43' (Vehicle is on junction-internal edge leading elsewhere).
Error: Answered with error to command 0xc4: Route replacement failed for vehicle 'f_Huanghe_WE.46' (Vehicle is on junction-internal edge leading elsewhere).
Error: Answered with error to command 0xc4: Route replacement failed for vehicle 'f_Huanghe_WE.52' (Vehicle is on junction-internal edge leading elsewhere).
Error: Answered with error to command 0xc4: Route replacement failed for vehicle 'f_Huanghe_WE.58' (Vehicle is on junction-internal edge leading elsewhere).
Error: Answered with error to command 0xc4: Route replacement failed for vehicle 'f_Huanghe_WE.67' (Vehicle is on junction-internal edge leading elsewhere).
Error: Answered with error to command 0xc4: Route replacement failed for vehicle 'f_Huanghe_WE.61' (Vehicle is on junction-internal edge leading elsewhere).
Error: Answered with error to command 0xc4: Route replacement failed for vehicle 'f_Huanghe_WE.70' (Vehicle is on junction-internal edge leading elsewhere).
Error: Answered with error to command 0xc4: Route replacement failed for vehicle 'f_Huanghe_WE.73' (Vehicle is on junction-internal edge leading elsewhere).
Error: Answered with error to command 0xc4: Route replacement failed for vehicle 'f_Huanghe_WE.76' (Vehicle is on junction-internal edge leading elsewhere).
Error: Answered with error to command 0xc4: Route replacement failed for vehicle 'f_Huanghe_WE.79' (Vehicle is on junction-internal edge leading elsewhere).
Error: Answered with error to command 0xc4: Route replacement failed for vehicle 'f_Huanghe_WE.82' (Vehicle is on junction-internal edge leading elsewhere).
Error: Answered with error to command 0xc4: Route replacement failed for vehicle 'f_Hongz_WE.52' (Vehicle is on junction-internal edge leading elsewhere).
Error: Answered with error to command 0xc4: Route replacement failed for vehicle 'f_Nongye_WE.66' (Vehicle is on junction-internal edge leading elsewhere).
Error: Answered with error to command 0xc4: Route replacement failed for vehicle 'f_Hongz_WE.68' (Vehicle is on junction-internal edge leading elsewhere).
Error: Answered with error to command 0xc4: Route replacement failed for vehicle 'f_Nongye_EW.85' (Vehicle is on junction-internal edge leading elsewhere).
Error: Answered with error to command 0xc4: Route replacement failed for vehicle 'f_Hongz_WE.66' (Vehicle is on junction-internal edge leading elsewhere).
Error: Answered with error to command 0xc4: Route replacement failed for vehicle 'f_Huanghe_WE.121' (Vehicle is on junction-internal edge leading elsewhere).
Error: Answered with error to command 0xc4: Route replacement failed for vehicle 'f_Nongye_WE.59' (Vehicle is on junction-internal edge leading elsewhere).
Error: Answered with error to command 0xc4: Route replacement failed for vehicle 'f_Hongz_WE.68' (Vehicle is on junction-internal edge leading elsewhere).
Error: Answered with error to command 0xc4: Route replacement failed for vehicle 'f_Huanghe_WE.124' (Vehicle is on junction-internal edge leading elsewhere).
Error: Answered with error to command 0xc4: Route replacement failed for vehicle 'f_Huanghe_WE.127' (Vehicle is on junction-internal edge leading elsewhere).
Error: Answered with error to command 0xc4: Route replacement failed for vehicle 'f_Huanghe_WE.130' (Vehicle is on junction-internal edge leading elsewhere).
Error: Answered with error to command 0xc4: Route replacement failed for vehicle 'f_Huanghe_WE.133' (Vehicle is on junction-internal edge leading elsewhere).
Error: Answered with error to command 0xc4: Route replacement failed for vehicle 'f_Huanghe_WE.136' (Vehicle is on junction-internal edge leading elsewhere).
Error: Answered with error to command 0xc4: Route replacement failed for vehicle 'f_Huanghe_WE.139' (Vehicle is on junction-internal edge leading elsewhere).
Error: Answered with error to command 0xc4: Route replacement failed for vehicle 'f_Huanghe_WE.148' (Vehicle is on junction-internal edge leading elsewhere).
Error: Answered with error to command 0xc4: Route replacement failed for vehicle 'f_Hongz_WE.90' (Vehicle is on junction-internal edge leading elsewhere).
Error: Answered with error to command 0xc4: Route replacement failed for vehicle 'f_Huanghe_WE.151' (Vehicle is on junction-internal edge leading elsewhere).
Error: Answered with error to command 0xc4: Route replacement failed for vehicle 'f_Huanghe_WE.154' (Vehicle is on junction-internal edge leading elsewhere).
Error: Answered with error to command 0xc4: Route replacement failed for vehicle 'f_Huanghe_WE.157' (Vehicle is on junction-internal edge leading elsewhere).
Error: Answered with error to command 0xc4: Route replacement failed for vehicle 'f_Nongye_WE.33' (Vehicle is on junction-internal edge leading elsewhere).
Error: Answered with error to command 0xc4: Route replacement failed for vehicle 'f_Nongye_WE.81' (Vehicle is on junction-internal edge leading elsewhere).
Error: Answered with error to command 0xc4: Route replacement failed for vehicle 'f_Huanghe_WE.22' (Vehicle is on junction-internal edge leading elsewhere).
Error: Answered with error to command 0xc4: Route replacement failed for vehicle 'f_Huanghe_WE.25' (Vehicle is on junction-internal edge leading elsewhere).
Error: Answered with error to command 0xc4: Route replacement failed for vehicle 'f_Huanghe_WE.28' (Vehicle is on junction-internal edge leading elsewhere).
Error: Answered with error to command 0xc4: Route replacement failed for vehicle 'f_Huanghe_WE.31' (Vehicle is on junction-internal edge leading elsewhere).
Error: Answered with error to command 0xc4: Route replacement failed for vehicle 'f_Huanghe_WE.34' (Vehicle is on junction-internal edge leading elsewhere).
Error: Answered with error to command 0xc4: Route replacement failed for vehicle 'f_Huanghe_WE.37' (Vehicle is on junction-internal edge leading elsewhere).
Error: Answered with error to command 0xc4: Route replacement failed for vehicle 'f_Huanghe_WE.40' (Vehicle is on junction-internal edge leading elsewhere).
Error: Answered with error to command 0xc4: Route replacement failed for vehicle 'f_Huanghe_WE.43' (Vehicle is on junction-internal edge leading elsewhere).
Error: Answered with error to command 0xc4: Route replacement failed for vehicle 'f_Huanghe_WE.46' (Vehicle is on junction-internal edge leading elsewhere).
Error: Answered with error to command 0xc4: Route replacement failed for vehicle 'f_Huanghe_WE.52' (Vehicle is on junction-internal edge leading elsewhere).
Error: Answered with error to command 0xc4: Route replacement failed for vehicle 'f_Huanghe_WE.58' (Vehicle is on junction-internal edge leading elsewhere).
Error: Answered with error to command 0xc4: Route replacement failed for vehicle 'f_Huanghe_WE.67' (Vehicle is on junction-internal edge leading elsewhere).
Error: Answered with error to command 0xc4: Route replacement failed for vehicle 'f_Huanghe_WE.70' (Vehicle is on junction-internal edge leading elsewhere).
Error: Answered with error to command 0xc4: Route replacement failed for vehicle 'f_Huanghe_WE.73' (Vehicle is on junction-internal edge leading elsewhere).
Error: Answered with error to command 0xc4: Route replacement failed for vehicle 'f_Hongz_WE.22' (Vehicle is on junction-internal edge leading elsewhere).
Error: Answered with error to command 0xc4: Route replacement failed for vehicle 'f_Huanghe_WE.79' (Vehicle is on junction-internal edge leading elsewhere).
Error: Answered with error to command 0xc4: Route replacement failed for vehicle 'f_Huanghe_WE.82' (Vehicle is on junction-internal edge leading elsewhere).
Error: Answered with error to command 0xc4: Route replacement failed for vehicle 'f_Hongz_WE.52' (Vehicle is on junction-internal edge leading elsewhere).
Error: Answered with error to command 0xc4: Route replacement failed for vehicle 'f_Nongye_WE.40' (Vehicle is on junction-internal edge leading elsewhere).
Error: Answered with error to command 0xc4: Route replacement failed for vehicle 'f_Nongye_WE.46' (Vehicle is on junction-internal edge leading elsewhere).
Error: Answered with error to command 0xc4: Route replacement failed for vehicle 'f_Nongye_WE.56' (Vehicle is on junction-internal edge leading elsewhere).
Error: Answered with error to command 0xc4: Route replacement failed for vehicle 'f_Huanghe_WE.97' (Vehicle is on junction-internal edge leading elsewhere).
Error: Answered with error to command 0xc4: Route replacement failed for vehicle 'f_Huanghe_WE.22' (Vehicle is on junction-internal edge leading elsewhere).
Error: Answered with error to command 0xc4: Route replacement failed for vehicle 'f_Huanghe_WE.25' (Vehicle is on junction-internal edge leading elsewhere).
Error: Answered with error to command 0xc4: Route replacement failed for vehicle 'f_Huanghe_WE.28' (Vehicle is on junction-internal edge leading elsewhere).
Error: Answered with error to command 0xc4: Route replacement failed for vehicle 'f_Huanghe_WE.31' (Vehicle is on junction-internal edge leading elsewhere).
Error: Answered with error to command 0xc4: Route replacement failed for vehicle 'f_Huanghe_WE.34' (Vehicle is on junction-internal edge leading elsewhere).
Error: Answered with error to command 0xc4: Route replacement failed for vehicle 'f_Huanghe_WE.37' (Vehicle is on junction-internal edge leading elsewhere).
Error: Answered with error to command 0xc4: Route replacement failed for vehicle 'f_Huanghe_WE.40' (Vehicle is on junction-internal edge leading elsewhere).
Error: Answered with error to command 0xc4: Route replacement failed for vehicle 'f_Huanghe_WE.43' (Vehicle is on junction-internal edge leading elsewhere).
Error: Answered with error to command 0xc4: Route replacement failed for vehicle 'f_Huanghe_WE.46' (Vehicle is on junction-internal edge leading elsewhere).
Error: Answered with error to command 0xc4: Route replacement failed for vehicle 'f_Huanghe_WE.52' (Vehicle is on junction-internal edge leading elsewhere).
Error: Answered with error to command 0xc4: Route replacement failed for vehicle 'f_Huanghe_WE.58' (Vehicle is on junction-internal edge leading elsewhere).
Error: Answered with error to command 0xc4: Route replacement failed for vehicle 'f_Huanghe_WE.67' (Vehicle is on junction-internal edge leading elsewhere).
Error: Answered with error to command 0xc4: Route replacement failed for vehicle 'f_Huanghe_WE.70' (Vehicle is on junction-internal edge leading elsewhere).
Interrupt signal received, trying to exit gracefully.
Error: tcpip::Socket::recvAndCheck @ recv: peer shutdown
Quitting (on error).
malloc_consolidate(): unaligned fastbin chunk detected
